[*] Found 64 .SIFTprediction files — proceeding with annotation.

[4/5] Running SIFT4G annotation...
    Decompressing VCF for SIFT4G_Annotator...
Start Time for SIFT4G code: Fri May 22 17:27:36 BST 2026

Started Running .......
Running in Multitranscripts mode

Chromosome	WithSIFT4GAnnotations	WithoutSIFT4GAnnotations	Progress
scaffold9			3672			18301			Completed : 1/15
scaffold2			7779			49764			Completed : 2/15
scaffold3			8351			54115			Completed : 3/15
scaffold11			6071			35038			Completed : 4/15
scaffold6			7748			48688			Completed : 5/15
scaffold15			5769			36379			Completed : 6/15
scaffold10			4513			25866			Completed : 7/15
scaffold5			5654			31564			Completed : 8/15
scaffold7			6990			37733			Completed : 9/15
scaffold12			5527			35459			Completed : 10/15
scaffold4			14846			72173			Completed : 11/15
scaffold13			2601			16854			Completed : 12/15
scaffold8			6997			42777			Completed : 13/15
scaffold14			9409			63829			Completed : 14/15
scaffold1			17298			80425			Completed : 15/15

Merging temp files....
SIFT4G Annotation completed !
Output directory:./sift_results
End Time for parallel code: Fri May 22 17:35:13 BST 2026

    SIFT-annotated VCF: ./sift_results/all_renamed.genome_coords.sorted_SIFTpredictions.vcf

[5/5] Running snpEff functional annotation...
00:00:00 SnpEff version SnpEff 5.4c (build 2026-02-23 07:25), by Pablo Cingolani
00:00:00 Command: 'ann'
00:00:00 Reading configuration file '/home/tmichel/software/snpEff/snpEff.config'. Genome: 'Bmas'
00:00:00 Looking for config file: '/home/tmichel/software/snpEff/snpEff.config'
00:00:00 Reading config file: /home/tmichel/software/snpEff/snpEff.config
00:00:00 done
00:00:00 Reading database for genome version 'Bmas' from file '/home/tmichel/software/snpEff/./data/Bmas/snpEffectPredictor.bin' (this might take a while)
00:00:02 done
00:00:02 Loading Motifs and PWMs
00:00:02 Building interval forest
00:00:03 done.
00:00:03 Genome stats :
#-----------------------------------------------
# Genome name                : 'Bmas'
# Genome version             : 'Bmas'
# Genome ID                  : 'Bmas[0]'
# Has protein coding info    : true
# Has Tr. Support Level info : true
# Genes                      : 22861
# Protein coding genes       : 22861
#-----------------------------------------------
# Transcripts                : 22861
# Avg. transcripts per gene  : 1.00
# TSL transcripts            : 0
#-----------------------------------------------
# Checked transcripts        : 
#               AA sequences :      0 ( 0.00% )
#              DNA sequences :      0 ( 0.00% )
#-----------------------------------------------
# Protein coding transcripts : 22861
#              Length errors :      0 ( 0.00% )
#  STOP codons in CDS errors :      0 ( 0.00% )
#         START codon errors :   2939 ( 12.86% )
#        STOP codon warnings :   1023 ( 4.47% )
#              UTR sequences :      0 ( 0.00% )
#               Total Errors :   2939 ( 12.86% )
# WARNING                    : No protein coding transcript has UTR
#-----------------------------------------------
# Cds                        : 111124
# Exons                      : 111124
# Exons with sequence        : 111124
# Exons without sequence     : 0
# Avg. exons per transcript  : 4.86
# WARNING                    : No mitochondrion chromosome found
#-----------------------------------------------
# Number of chromosomes      : 885
# Chromosomes                : Format 'chromo_name size codon_table'
#		'scaffold1'	84930515	Standard
#		'scaffold2'	56708189	Standard
#		'scaffold3'	55665139	Standard
#		'scaffold4'	53895534	Standard
#		'scaffold5'	53633373	Standard
#		'scaffold6'	52559209	Standard
#		'scaffold7'	52515067	Standard
#		'scaffold8'	51801790	Standard
#		'scaffold9'	49791573	Standard
#		'scaffold10'	49116582	Standard
#		'scaffold11'	46644841	Standard
#		'scaffold12'	46145620	Standard
#		'scaffold13'	46025341	Standard
#		'scaffold14'	45922387	Standard
#		'scaffold15'	45110588	Standard
#		'Contig1453'	149332	Standard
#		'Contig4255'	60337	Standard
#		'Contig2353'	59791	Standard
#		'Contig2874'	54487	Standard
#		'Contig3269'	42265	Standard
#		'Contig2642'	41986	Standard
#		'Contig3022'	41123	Standard
#		'Contig2691'	40988	Standard
#		'Contig2761'	40610	Standard
#		'Contig3136'	38988	Standard
#		'Contig5215'	34988	Standard
#		'Contig2865'	34985	Standard
#		'Contig3267'	34092	Standard
#		'Contig2800'	33986	Standard
#		'Contig2802'	32170	Standard
#		'Contig3040'	30988	Standard
#		'Contig3025'	30972	Standard
#		'Contig3656'	30966	Standard
#		'Contig3066'	29983	Standard
#		'Contig3108'	29765	Standard
#		'Contig4610'	28990	Standard
#		'Contig2976'	28981	Standard
#		'Contig4893'	28909	Standard
#		'Contig3292'	28801	Standard
#		'Contig3558'	27583	Standard
#		'Contig4266'	26985	Standard
#		'Contig3759'	26977	Standard
#		'Contig3217'	25986	Standard
#		'Contig3224'	25985	Standard
#		'Contig3295'	25937	Standard
#		'Contig3632'	25854	Standard
#		'Contig3554'	25690	Standard
#		'Contig4183'	25280	Standard
#		'Contig4849'	24988	Standard
#		'Contig4592'	24987	Standard
#		'Contig3489'	24289	Standard
#		'Contig4437'	24199	Standard
#		'Contig3325'	23988	Standard
#		'Contig3334'	23988	Standard
#		'Contig3342'	23988	Standard
#		'Contig4415'	23987	Standard
#		'Contig5205'	23984	Standard
#		'Contig5189'	23186	Standard
#		'Contig3401'	22995	Standard
#		'Contig3293'	22988	Standard
#		'Contig3369'	22988	Standard
#		'Contig3616'	22011	Standard
#		'Contig3368'	21988	Standard
#		'Contig3415'	21988	Standard
#		'Contig3339'	21986	Standard
#		'Contig5213'	21983	Standard
#		'Contig3367'	21971	Standard
#		'Contig3484'	21906	Standard
#		'Contig3428'	21563	Standard
#		'Contig3435'	21015	Standard
#		'Contig3495'	21011	Standard
#		'Contig4389'	20988	Standard
#		'Contig5216'	20988	Standard
#		'Contig5183'	20986	Standard
#		'Contig3510'	20984	Standard
#		'Contig3584'	20584	Standard
#		'Contig3522'	20442	Standard
#		'Contig4264'	20398	Standard
#		'Contig3498'	19989	Standard
#		'Contig3894'	19987	Standard
#		'Contig3576'	19983	Standard
#		'Contig3572'	19974	Standard
#		'Contig3924'	18993	Standard
#		'Contig3638'	18992	Standard
#		'Contig3543'	18989	Standard
#		'Contig3520'	18988	Standard
#		'Contig3590'	18988	Standard
#		'Contig3598'	18988	Standard
#		'Contig3604'	18988	Standard
#		'Contig3712'	18988	Standard
#		'Contig5162'	18988	Standard
#		'Contig5169'	18988	Standard
#		'Contig4349'	18987	Standard
#		'Contig5173'	18986	Standard
#		'Contig3588'	18985	Standard
#		'Contig3600'	18985	Standard
#		'Contig3618'	18985	Standard
#		'Contig3603'	18979	Standard
#		'Contig3639'	17991	Standard
#		'Contig3774'	17991	Standard
#		'Contig3643'	17988	Standard
#		'Contig3672'	17988	Standard
#		'Contig4930'	17988	Standard
#		'Contig3585'	17987	Standard
#		'Contig5003'	17987	Standard
#		'Contig3624'	17984	Standard
#		'Contig3630'	17984	Standard
#		'Contig4304'	17983	Standard
#		'Contig3666'	17979	Standard
#		'Contig3682'	17979	Standard
#		'Contig3614'	17978	Standard
#		'Contig3926'	17137	Standard
#		'Contig5218'	17107	Standard
#		'Contig4047'	16992	Standard
#		'Contig3700'	16989	Standard
#		'Contig3635'	16988	Standard
#		'Contig3705'	16988	Standard
#		'Contig3748'	16988	Standard
#		'Contig3751'	16988	Standard
#		'Contig4059'	16988	Standard
#		'Contig3667'	16987	Standard
#		'Contig3691'	16987	Standard
#		'Contig3723'	16987	Standard
#		'Contig4968'	16987	Standard
#		'Contig3726'	16986	Standard
#		'Contig5165'	16984	Standard
#		'Contig3671'	16976	Standard
#		'Contig3675'	16969	Standard
#		'Contig3933'	16355	Standard
#		'Contig3708'	16143	Standard
#		'Contig3503'	16022	Standard
#		'Contig3752'	15994	Standard
#		'Contig3769'	15991	Standard
#		'Contig3729'	15988	Standard
#		'Contig3740'	15988	Standard
#		'Contig3750'	15988	Standard
#		'Contig3764'	15988	Standard
#		'Contig3783'	15988	Standard
#		'Contig3813'	15988	Standard
#		'Contig4248'	15988	Standard
#		'Contig5222'	15988	Standard
#		'Contig3781'	15987	Standard
#		'Contig4391'	15987	Standard
#		'Contig3762'	15984	Standard
#		'Contig3697'	15983	Standard
#		'Contig3741'	15983	Standard
#		'Contig3732'	15981	Standard
#		'Contig4689'	15981	Standard
#		'Contig3793'	15766	Standard
#		'Contig4064'	15109	Standard
#		'Contig3860'	15005	Standard
#		'Contig3859'	14999	Standard
#		'Contig3767'	14993	Standard
#		'Contig4624'	14992	Standard
#		'Contig3821'	14989	Standard
#		'Contig3803'	14988	Standard
#		'Contig3856'	14988	Standard
#		'Contig3919'	14988	Standard
#		'Contig5170'	14988	Standard
#		'Contig3846'	14986	Standard
#		'Contig3852'	14986	Standard
#		'Contig5160'	14986	Standard
#		'Contig5159'	14984	Standard
#		'Contig3816'	14983	Standard
#		'Contig4712'	14981	Standard
#		'Contig3820'	14974	Standard
#		'Contig3782'	14958	Standard
#		'Contig4012'	14921	Standard
#		'Contig4164'	14431	Standard
#		'Contig3963'	14131	Standard
#		'Contig3988'	14104	Standard
#		'Contig3935'	13997	Standard
#		'Contig3907'	13993	Standard
#		'Contig3910'	13992	Standard
#		'Contig3874'	13988	Standard
#		'Contig3886'	13988	Standard
#		'Contig3891'	13988	Standard
#		'Contig3900'	13988	Standard
#		'Contig3901'	13988	Standard
#		'Contig3906'	13988	Standard
#		'Contig3912'	13988	Standard
#		'Contig3934'	13988	Standard
#		'Contig3941'	13988	Standard
#		'Contig3957'	13988	Standard
#		'Contig4006'	13988	Standard
#		'Contig4060'	13988	Standard
#		'Contig4005'	13987	Standard
#		'Contig4931'	13987	Standard
#		'Contig5179'	13986	Standard
#		'Contig3913'	13984	Standard
#		'Contig3958'	13984	Standard
#		'Contig3868'	13982	Standard
#		'Contig3944'	13982	Standard
#		'Contig3879'	13981	Standard
#		'Contig3895'	13981	Standard
#		'Contig3964'	13981	Standard
#		'Contig3880'	13980	Standard
#		'Contig3888'	13977	Standard
#		'Contig3982'	13964	Standard
#		'Contig3890'	13961	Standard
#		'Contig4102'	13380	Standard
#		'Contig4002'	13006	Standard
#		'Contig4078'	12989	Standard
#		'Contig3873'	12988	Standard
#		'Contig3997'	12988	Standard
#		'Contig4016'	12988	Standard
#		'Contig4039'	12988	Standard
#		'Contig4040'	12988	Standard
#		'Contig4041'	12988	Standard
#		'Contig4050'	12988	Standard
#		'Contig4125'	12988	Standard
#		'Contig4268'	12988	Standard
#		'Contig4742'	12988	Standard
#		'Contig5204'	12988	Standard
#		'Contig3992'	12987	Standard
#		'Contig4020'	12987	Standard
#		'Contig3967'	12986	Standard
#		'Contig3974'	12985	Standard
#		'Contig4004'	12984	Standard
#		'Contig4019'	12984	Standard
#		'Contig4015'	12983	Standard
#		'Contig3800'	12981	Standard
#		'Contig4013'	12979	Standard
#		'Contig4705'	12962	Standard
#		'Contig3984'	12935	Standard
#		'Contig4023'	12876	Standard
#		'Contig4044'	12683	Standard
#		'Contig4056'	12167	Standard
#		'Contig3898'	11996	Standard
#		'Contig4112'	11992	Standard
#		'Contig4156'	11992	Standard
#		'Contig4001'	11988	Standard
#		'Contig4028'	11988	Standard
#		'Contig4032'	11988	Standard
#		'Contig4052'	11988	Standard
#		'Contig4053'	11988	Standard
#		'Contig4082'	11988	Standard
#		'Contig4101'	11988	Standard
#		'Contig4103'	11988	Standard
#		'Contig4118'	11988	Standard
#		'Contig4128'	11988	Standard
#		'Contig4139'	11988	Standard
#		'Contig4162'	11988	Standard
#		'Contig4922'	11988	Standard
#		'Contig5046'	11988	Standard
#		'Contig5227'	11988	Standard
#		'Contig4024'	11987	Standard
#		'Contig4076'	11987	Standard
#		'Contig4129'	11987	Standard
#		'Contig4140'	11987	Standard
#		'Contig3960'	11986	Standard
#		'Contig4046'	11986	Standard
#		'Contig4097'	11986	Standard
#		'Contig3959'	11985	Standard
#		'Contig3985'	11985	Standard
#		'Contig4066'	11985	Standard
#		'Contig4177'	11985	Standard
#		'Contig4089'	11984	Standard
#		'Contig4072'	11983	Standard
#		'Contig4114'	11983	Standard
#		'Contig4092'	11981	Standard
#		'Contig4034'	11977	Standard
#		'Contig4122'	11976	Standard
#		'Contig4084'	11972	Standard
#		'Contig4872'	11859	Standard
#		'Contig4351'	11740	Standard
#		'Contig4257'	11536	Standard
#		'Contig4581'	11466	Standard
#		'Contig4243'	11215	Standard
#		'Contig4187'	11059	Standard
#		'Contig4169'	11051	Standard
#		'Contig4192'	11000	Standard
#		'Contig4232'	11000	Standard
#		'Contig4210'	10994	Standard
#		'Contig4196'	10991	Standard
#		'Contig4217'	10991	Standard
#		'Contig4191'	10990	Standard
#		'Contig4043'	10989	Standard
#		'Contig4226'	10989	Standard
#		'Contig4227'	10989	Standard
#		'Contig4150'	10988	Standard
#		'Contig4160'	10988	Standard
#		'Contig4166'	10988	Standard
#		'Contig4178'	10988	Standard
#		'Contig4184'	10988	Standard
#		'Contig4194'	10988	Standard
#		'Contig4197'	10988	Standard
#		'Contig4206'	10988	Standard
#		'Contig4214'	10988	Standard
#		'Contig4218'	10988	Standard
#		'Contig4258'	10988	Standard
#		'Contig4378'	10988	Standard
#		'Contig4739'	10988	Standard
#		'Contig5181'	10988	Standard
#		'Contig4154'	10987	Standard
#		'Contig4159'	10987	Standard
#		'Contig4186'	10987	Standard
#		'Contig4686'	10987	Standard
#		'Contig4115'	10986	Standard
#		'Contig4175'	10986	Standard
#		'Contig4195'	10986	Standard
#		'Contig4173'	10985	Standard
#		'Contig4239'	10985	Standard
#		'Contig4326'	10985	Standard
#		'Contig4193'	10984	Standard
#		'Contig4216'	10984	Standard
#		'Contig4371'	10982	Standard
#		'Contig4124'	10981	Standard
#		'Contig4211'	10974	Standard
#		'Contig4224'	10949	Standard
#		'Contig4235'	10924	Standard
#		'Contig4360'	10544	Standard
#		'Contig4142'	10418	Standard
#		'Contig4262'	9999	Standard
#		'Contig4168'	9997	Standard
#		'Contig4201'	9993	Standard
#		'Contig4337'	9992	Standard
#		'Contig4382'	9992	Standard
#		'Contig4285'	9991	Standard
#		'Contig4313'	9990	Standard
#		'Contig4153'	9989	Standard
#		'Contig4222'	9989	Standard
#		'Contig4281'	9989	Standard
#		'Contig4310'	9989	Standard
#		'Contig4220'	9988	Standard
#		'Contig4230'	9988	Standard
#		'Contig4234'	9988	Standard
#		'Contig4240'	9988	Standard
#		'Contig4247'	9988	Standard
#		'Contig4249'	9988	Standard
#		'Contig4263'	9988	Standard
#		'Contig4265'	9988	Standard
#		'Contig4269'	9988	Standard
#		'Contig4278'	9988	Standard
#		'Contig4303'	9988	Standard
#		'Contig4307'	9988	Standard
#		'Contig4317'	9988	Standard
#		'Contig4348'	9988	Standard
#		'Contig4354'	9988	Standard
#		'Contig4372'	9988	Standard
#		'Contig4383'	9988	Standard
#		'Contig5163'	9988	Standard
#		'Contig5212'	9988	Standard
#		'Contig4260'	9987	Standard
#		'Contig4271'	9987	Standard
#		'Contig4287'	9987	Standard
#		'Contig4290'	9987	Standard
#		'Contig4292'	9987	Standard
#		'Contig4322'	9987	Standard
#		'Contig4215'	9986	Standard
#		'Contig4245'	9986	Standard
#		'Contig4267'	9985	Standard
#		'Contig4293'	9985	Standard
#		'Contig4276'	9984	Standard
#		'Contig4343'	9984	Standard
#		'Contig4252'	9983	Standard
#		'Contig4340'	9983	Standard
#		'Contig4347'	9983	Standard
#		'Contig4833'	9980	Standard
#		'Contig4079'	9979	Standard
#		'Contig4223'	9976	Standard
#		'Contig4301'	9976	Standard
#		'Contig4323'	9961	Standard
#		'Contig4291'	9959	Standard
#		'Contig4296'	9946	Standard
#		'Contig4254'	9588	Standard
#		'Contig5229'	9503	Standard
#		'Contig4356'	9061	Standard
#		'Contig5143'	9043	Standard
#		'Contig4489'	9026	Standard
#		'Contig5157'	9003	Standard
#		'Contig4312'	8998	Standard
#		'Contig4315'	8992	Standard
#		'Contig4320'	8992	Standard
#		'Contig4473'	8991	Standard
#		'Contig4386'	8990	Standard
#		'Contig4362'	8989	Standard
#		'Contig4366'	8989	Standard
#		'Contig4393'	8989	Standard
#		'Contig4419'	8989	Standard
#		'Contig4428'	8989	Standard
#		'Contig4434'	8989	Standard
#		'Contig4445'	8989	Standard
#		'Contig4502'	8989	Standard
#		'Contig4275'	8988	Standard
#		'Contig4277'	8988	Standard
#		'Contig4300'	8988	Standard
#		'Contig4328'	8988	Standard
#		'Contig4334'	8988	Standard
#		'Contig4342'	8988	Standard
#		'Contig4344'	8988	Standard
#		'Contig4365'	8988	Standard
#		'Contig4387'	8988	Standard
#		'Contig4388'	8988	Standard
#		'Contig4399'	8988	Standard
#		'Contig4402'	8988	Standard
#		'Contig4416'	8988	Standard
#		'Contig4421'	8988	Standard
#		'Contig4436'	8988	Standard
#		'Contig4439'	8988	Standard
#		'Contig4441'	8988	Standard
#		'Contig4446'	8988	Standard
#		'Contig4447'	8988	Standard
#		'Contig4449'	8988	Standard
#		'Contig4460'	8988	Standard
#		'Contig4465'	8988	Standard
#		'Contig4467'	8988	Standard
#		'Contig4471'	8988	Standard
#		'Contig4476'	8988	Standard
#		'Contig4480'	8988	Standard
#		'Contig4494'	8988	Standard
#		'Contig4505'	8988	Standard
#		'Contig4517'	8988	Standard
#		'Contig4555'	8988	Standard
#		'Contig4564'	8988	Standard
#		'Contig5175'	8988	Standard
#		'Contig4327'	8987	Standard
#		'Contig4339'	8987	Standard
#		'Contig4390'	8987	Standard
#		'Contig4469'	8987	Standard
#		'Contig4488'	8987	Standard
#		'Contig5207'	8987	Standard
#		'Contig4376'	8986	Standard
#		'Contig4396'	8986	Standard
#		'Contig4406'	8985	Standard
#		'Contig4407'	8985	Standard
#		'Contig4444'	8985	Standard
#		'Contig4472'	8985	Standard
#		'Contig4497'	8985	Standard
#		'Contig4454'	8984	Standard
#		'Contig4487'	8984	Standard
#		'Contig4410'	8983	Standard
#		'Contig4453'	8983	Standard
#		'Contig4474'	8983	Standard
#		'Contig4426'	8982	Standard
#		'Contig3969'	8977	Standard
#		'Contig4384'	8972	Standard
#		'Contig4499'	8967	Standard
#		'Contig4417'	8757	Standard
#		'Contig4518'	8596	Standard
#		'Contig4483'	8141	Standard
#		'Contig4608'	8033	Standard
#		'Contig4509'	7991	Standard
#		'Contig4607'	7991	Standard
#		'Contig4521'	7990	Standard
#		'Contig4605'	7990	Standard
#		'Contig4500'	7989	Standard
#		'Contig4567'	7989	Standard
#		'Contig4572'	7989	Standard
#		'Contig4578'	7989	Standard
#		'Contig4623'	7989	Standard
#		'Contig4625'	7989	Standard
#		'Contig4671'	7989	Standard
#		'Contig4308'	7988	Standard
#		'Contig4369'	7988	Standard
#		'Contig4431'	7988	Standard
#		'Contig4452'	7988	Standard
#		'Contig4456'	7988	Standard
#		'Contig4461'	7988	Standard
#		'Contig4462'	7988	Standard
#		'Contig4478'	7988	Standard
#		'Contig4482'	7988	Standard
#		'Contig4491'	7988	Standard
#		'Contig4493'	7988	Standard
#		'Contig4498'	7988	Standard
#		'Contig4506'	7988	Standard
#		'Contig4510'	7988	Standard
#		'Contig4516'	7988	Standard
#		'Contig4527'	7988	Standard
#		'Contig4534'	7988	Standard
#		'Contig4536'	7988	Standard
#		'Contig4541'	7988	Standard
#		'Contig4544'	7988	Standard
#		'Contig4546'	7988	Standard
#		'Contig4548'	7988	Standard
#		'Contig4550'	7988	Standard
#		'Contig4551'	7988	Standard
#		'Contig4556'	7988	Standard
#		'Contig4568'	7988	Standard
#		'Contig4574'	7988	Standard
#		'Contig4580'	7988	Standard
#		'Contig4585'	7988	Standard
#		'Contig4588'	7988	Standard
#		'Contig4589'	7988	Standard
#		'Contig4596'	7988	Standard
#		'Contig4602'	7988	Standard
#		'Contig4604'	7988	Standard
#		'Contig4606'	7988	Standard
#		'Contig4609'	7988	Standard
#		'Contig4617'	7988	Standard
#		'Contig4618'	7988	Standard
#		'Contig4629'	7988	Standard
#		'Contig4630'	7988	Standard
#		'Contig4631'	7988	Standard
#		'Contig4636'	7988	Standard
#		'Contig4656'	7988	Standard
#		'Contig4691'	7988	Standard
#		'Contig4697'	7988	Standard
#		'Contig4700'	7988	Standard
#		'Contig4878'	7988	Standard
#		'Contig4395'	7987	Standard
#		'Contig4515'	7987	Standard
#		'Contig4520'	7987	Standard
#		'Contig4524'	7987	Standard
#		'Contig4543'	7987	Standard
#		'Contig4559'	7987	Standard
#		'Contig4579'	7987	Standard
#		'Contig4593'	7987	Standard
#		'Contig4594'	7987	Standard
#		'Contig4603'	7987	Standard
#		'Contig4632'	7987	Standard
#		'Contig4644'	7987	Standard
#		'Contig4654'	7987	Standard
#		'Contig4679'	7987	Standard
#		'Contig4688'	7987	Standard
#		'Contig4627'	7986	Standard
#		'Contig4698'	7986	Standard
#		'Contig4530'	7985	Standard
#		'Contig4643'	7985	Standard
#		'Contig4694'	7985	Standard
#		'Contig4405'	7984	Standard
#		'Contig4440'	7984	Standard
#		'Contig4522'	7984	Standard
#		'Contig4562'	7984	Standard
#		'Contig4615'	7984	Standard
#		'Contig4626'	7984	Standard
#		'Contig4642'	7984	Standard
#		'Contig4662'	7984	Standard
#		'Contig4687'	7983	Standard
#		'Contig4660'	7982	Standard
#		'Contig4569'	7981	Standard
#		'Contig4507'	7980	Standard
#		'Contig4690'	7980	Standard
#		'Contig4547'	7979	Standard
#		'Contig4616'	7774	Standard
#		'Contig4526'	7583	Standard
#		'Contig4836'	7257	Standard
#		'Contig4731'	7116	Standard
#		'Contig4599'	7005	Standard
#		'Contig4870'	6995	Standard
#		'Contig4910'	6995	Standard
#		'Contig4711'	6993	Standard
#		'Contig4647'	6992	Standard
#		'Contig4651'	6992	Standard
#		'Contig4611'	6990	Standard
#		'Contig4528'	6989	Standard
#		'Contig4645'	6989	Standard
#		'Contig4665'	6989	Standard
#		'Contig4740'	6989	Standard
#		'Contig4752'	6989	Standard
#		'Contig4886'	6989	Standard
#		'Contig4538'	6988	Standard
#		'Contig4539'	6988	Standard
#		'Contig4571'	6988	Standard
#		'Contig4577'	6988	Standard
#		'Contig4597'	6988	Standard
#		'Contig4601'	6988	Standard
#		'Contig4621'	6988	Standard
#		'Contig4633'	6988	Standard
#		'Contig4635'	6988	Standard
#		'Contig4637'	6988	Standard
#		'Contig4640'	6988	Standard
#		'Contig4648'	6988	Standard
#		'Contig4650'	6988	Standard
#		'Contig4652'	6988	Standard
#		'Contig4655'	6988	Standard
#		'Contig4658'	6988	Standard
#		'Contig4663'	6988	Standard
#		'Contig4664'	6988	Standard
#		'Contig4668'	6988	Standard
#		'Contig4669'	6988	Standard
#		'Contig4670'	6988	Standard
#		'Contig4677'	6988	Standard
#		'Contig4678'	6988	Standard
#		'Contig4681'	6988	Standard
#		'Contig4682'	6988	Standard
#		'Contig4692'	6988	Standard
#		'Contig4701'	6988	Standard
#		'Contig4707'	6988	Standard
#		'Contig4710'	6988	Standard
#		'Contig4714'	6988	Standard
#		'Contig4718'	6988	Standard
#		'Contig4721'	6988	Standard
#		'Contig4722'	6988	Standard
#		'Contig4725'	6988	Standard
#		'Contig4728'	6988	Standard
#		'Contig4732'	6988	Standard
#		'Contig4733'	6988	Standard
#		'Contig4737'	6988	Standard
#		'Contig4741'	6988	Standard
#		'Contig4748'	6988	Standard
#		'Contig4749'	6988	Standard
#		'Contig4755'	6988	Standard
#		'Contig4758'	6988	Standard
#		'Contig4763'	6988	Standard
#		'Contig4769'	6988	Standard
#		'Contig4770'	6988	Standard
#		'Contig4776'	6988	Standard
#		'Contig4778'	6988	Standard
#		'Contig4781'	6988	Standard
#		'Contig4791'	6988	Standard
#		'Contig4796'	6988	Standard
#		'Contig4797'	6988	Standard
#		'Contig4802'	6988	Standard
#		'Contig4804'	6988	Standard
#		'Contig4812'	6988	Standard
#		'Contig4814'	6988	Standard
#		'Contig4818'	6988	Standard
#		'Contig4823'	6988	Standard
#		'Contig4826'	6988	Standard
#		'Contig4828'	6988	Standard
#		'Contig4832'	6988	Standard
#		'Contig4838'	6988	Standard
#		'Contig4840'	6988	Standard
#		'Contig4843'	6988	Standard
#		'Contig4845'	6988	Standard
#		'Contig4847'	6988	Standard
#		'Contig4851'	6988	Standard
#		'Contig4853'	6988	Standard
#		'Contig4854'	6988	Standard
#		'Contig4874'	6988	Standard
#		'Contig4880'	6988	Standard
#		'Contig4881'	6988	Standard
#		'Contig4884'	6988	Standard
#		'Contig4887'	6988	Standard
#		'Contig4897'	6988	Standard
#		'Contig4899'	6988	Standard
#		'Contig4913'	6988	Standard
#		'Contig4915'	6988	Standard
#		'Contig4916'	6988	Standard
#		'Contig4937'	6988	Standard
#		'Contig4960'	6988	Standard
#		'Contig4971'	6988	Standard
#		'Contig5184'	6988	Standard
#		'Contig5187'	6988	Standard
#		'Contig4591'	6987	Standard
#		'Contig4600'	6987	Standard
#		'Contig4620'	6987	Standard
#		'Contig4653'	6987	Standard
#		'Contig4666'	6987	Standard
#		'Contig4683'	6987	Standard
#		'Contig4703'	6987	Standard
#		'Contig4706'	6987	Standard
#		'Contig4726'	6987	Standard
#		'Contig4735'	6987	Standard
#		'Contig4747'	6987	Standard
#		'Contig4759'	6987	Standard
#		'Contig4767'	6987	Standard
#		'Contig4799'	6987	Standard
#		'Contig4800'	6987	Standard
#		'Contig4820'	6987	Standard
#		'Contig4890'	6987	Standard
#		'Contig4919'	6987	Standard
#		'Contig4702'	6986	Standard
#		'Contig4729'	6986	Standard
#		'Contig4745'	6986	Standard
#		'Contig4978'	6986	Standard
#		'Contig4535'	6985	Standard
#		'Contig4576'	6985	Standard
#		'Contig4716'	6985	Standard
#		'Contig4719'	6985	Standard
#		'Contig4231'	6984	Standard
#		'Contig4684'	6984	Standard
#		'Contig4765'	6984	Standard
#		'Contig4821'	6984	Standard
#		'Contig4866'	6984	Standard
#		'Contig4612'	6983	Standard
#		'Contig4766'	6983	Standard
#		'Contig4773'	6983	Standard
#		'Contig3932'	6982	Standard
#		'Contig4695'	6982	Standard
#		'Contig4871'	6982	Standard
#		'Contig4560'	6975	Standard
#		'Contig4788'	6969	Standard
#		'Contig4751'	6964	Standard
#		'Contig4813'	6956	Standard
#		'Contig5011'	6691	Standard
#		'Contig4951'	6462	Standard
#		'Contig5098'	6198	Standard
#		'Contig5079'	6068	Standard
#		'Contig4834'	6064	Standard
#		'Contig4946'	6004	Standard
#		'Contig4954'	5993	Standard
#		'Contig4835'	5990	Standard
#		'Contig4943'	5990	Standard
#		'Contig4787'	5989	Standard
#		'Contig4875'	5989	Standard
#		'Contig4896'	5989	Standard
#		'Contig4903'	5989	Standard
#		'Contig4905'	5989	Standard
#		'Contig4934'	5989	Standard
#		'Contig5010'	5989	Standard
#		'Contig5024'	5989	Standard
#		'Contig5145'	5989	Standard
#		'Contig4641'	5988	Standard
#		'Contig4753'	5988	Standard
#		'Contig4756'	5988	Standard
#		'Contig4761'	5988	Standard
#		'Contig4772'	5988	Standard
#		'Contig4780'	5988	Standard
#		'Contig4798'	5988	Standard
#		'Contig4810'	5988	Standard
#		'Contig4830'	5988	Standard
#		'Contig4831'	5988	Standard
#		'Contig4839'	5988	Standard
#		'Contig4841'	5988	Standard
#		'Contig4844'	5988	Standard
#		'Contig4848'	5988	Standard
#		'Contig4859'	5988	Standard
#		'Contig4861'	5988	Standard
#		'Contig4862'	5988	Standard
#		'Contig4876'	5988	Standard
#		'Contig4879'	5988	Standard
#		'Contig4888'	5988	Standard
#		'Contig4891'	5988	Standard
#		'Contig4898'	5988	Standard
#		'Contig4902'	5988	Standard
#		'Contig4906'	5988	Standard
#		'Contig4908'	5988	Standard
#		'Contig4917'	5988	Standard
#		'Contig4918'	5988	Standard
#		'Contig4926'	5988	Standard
#		'Contig4929'	5988	Standard
#		'Contig4932'	5988	Standard
#		'Contig4936'	5988	Standard
#		'Contig4940'	5988	Standard
#		'Contig4945'	5988	Standard
#		'Contig4957'	5988	Standard
#		'Contig4961'	5988	Standard
#		'Contig4963'	5988	Standard
#		'Contig4964'	5988	Standard
#		'Contig4967'	5988	Standard
#		'Contig4970'	5988	Standard
#		'Contig4974'	5988	Standard
#		'Contig4979'	5988	Standard
#		'Contig4980'	5988	Standard
#		'Contig4983'	5988	Standard
#		'Contig4988'	5988	Standard
#		'Contig4990'	5988	Standard
#		'Contig4999'	5988	Standard
#		'Contig5002'	5988	Standard
#		'Contig5004'	5988	Standard
#		'Contig5007'	5988	Standard
#		'Contig5017'	5988	Standard
#		'Contig5020'	5988	Standard
#		'Contig5021'	5988	Standard
#		'Contig5023'	5988	Standard
#		'Contig5026'	5988	Standard
#		'Contig5029'	5988	Standard
#		'Contig5035'	5988	Standard
#		'Contig5036'	5988	Standard
#		'Contig5037'	5988	Standard
#		'Contig5038'	5988	Standard
#		'Contig5042'	5988	Standard
#		'Contig5045'	5988	Standard
#		'Contig5047'	5988	Standard
#		'Contig5048'	5988	Standard
#		'Contig5049'	5988	Standard
#		'Contig5055'	5988	Standard
#		'Contig5065'	5988	Standard
#		'Contig5069'	5988	Standard
#		'Contig5070'	5988	Standard
#		'Contig5078'	5988	Standard
#		'Contig5081'	5988	Standard
#		'Contig5086'	5988	Standard
#		'Contig5090'	5988	Standard
#		'Contig5091'	5988	Standard
#		'Contig5092'	5988	Standard
#		'Contig5095'	5988	Standard
#		'Contig5097'	5988	Standard
#		'Contig5099'	5988	Standard
#		'Contig5101'	5988	Standard
#		'Contig5105'	5988	Standard
#		'Contig5108'	5988	Standard
#		'Contig5110'	5988	Standard
#		'Contig5111'	5988	Standard
#		'Contig5113'	5988	Standard
#		'Contig5115'	5988	Standard
#		'Contig5117'	5988	Standard
#		'Contig5118'	5988	Standard
#		'Contig5120'	5988	Standard
#		'Contig5122'	5988	Standard
#		'Contig5124'	5988	Standard
#		'Contig5127'	5988	Standard
#		'Contig5128'	5988	Standard
#		'Contig5131'	5988	Standard
#		'Contig5132'	5988	Standard
#		'Contig5135'	5988	Standard
#		'Contig5136'	5988	Standard
#		'Contig5148'	5988	Standard
#		'Contig5152'	5988	Standard
#		'Contig5154'	5988	Standard
#		'Contig4708'	5987	Standard
#		'Contig4805'	5987	Standard
#		'Contig4857'	5987	Standard
#		'Contig4867'	5987	Standard
#		'Contig4895'	5987	Standard
#		'Contig4904'	5987	Standard
#		'Contig4914'	5987	Standard
#		'Contig4921'	5987	Standard
#		'Contig4923'	5987	Standard
#		'Contig4944'	5987	Standard
#		'Contig4948'	5987	Standard
#		'Contig4949'	5987	Standard
#		'Contig4958'	5987	Standard
#		'Contig4984'	5987	Standard
#		'Contig5000'	5987	Standard
#		'Contig5028'	5987	Standard
#		'Contig5033'	5987	Standard
#		'Contig5034'	5987	Standard
#		'Contig5125'	5987	Standard
#		'Contig5155'	5987	Standard
#		'Contig4927'	5986	Standard
#		'Contig4981'	5986	Standard
#		'Contig4995'	5986	Standard
#		'Contig5001'	5986	Standard
#		'Contig4822'	5985	Standard
#		'Contig4991'	5985	Standard
#		'Contig5027'	5985	Standard
#		'Contig5068'	5985	Standard
#		'Contig5153'	5985	Standard
#		'Contig5074'	5984	Standard
#		'Contig4955'	5983	Standard
#		'Contig4953'	5982	Standard
#		'Contig4734'	5980	Standard
#		'Contig5013'	5976	Standard
#		'Contig5019'	5902	Standard
#		'Contig4807'	5364	Standard
#		'Contig4985'	5064	Standard
#		'Contig5116'	5053	Standard
#		'Contig5025'	5048	Standard
#		'Contig5104'	5039	Standard
#		'Contig5005'	5010	Standard
#		'Contig4901'	4989	Standard
#		'Contig4956'	4989	Standard
#		'Contig5137'	4989	Standard
#		'Contig4385'	4988	Standard
#		'Contig4549'	4988	Standard
#		'Contig4815'	4988	Standard
#		'Contig4855'	4988	Standard
#		'Contig4912'	4988	Standard
#		'Contig4959'	4988	Standard
#		'Contig4976'	4988	Standard
#		'Contig4982'	4988	Standard
#		'Contig4996'	4988	Standard
#		'Contig4997'	4988	Standard
#		'Contig4998'	4988	Standard
#		'Contig5009'	4988	Standard
#		'Contig5018'	4988	Standard
#		'Contig5041'	4988	Standard
#		'Contig5051'	4988	Standard
#		'Contig5057'	4988	Standard
#		'Contig5059'	4988	Standard
#		'Contig5061'	4988	Standard
#		'Contig5063'	4988	Standard
#		'Contig5067'	4988	Standard
#		'Contig5072'	4988	Standard
#		'Contig5073'	4988	Standard
#		'Contig5076'	4988	Standard
#		'Contig5082'	4988	Standard
#		'Contig5084'	4988	Standard
#		'Contig5085'	4988	Standard
#		'Contig5089'	4988	Standard
#		'Contig5094'	4988	Standard
#		'Contig5103'	4988	Standard
#		'Contig5112'	4988	Standard
#		'Contig5114'	4988	Standard
#		'Contig5121'	4988	Standard
#		'Contig5126'	4988	Standard
#		'Contig5139'	4988	Standard
#		'Contig5144'	4988	Standard
#		'Contig5146'	4988	Standard
#		'Contig5064'	4987	Standard
#		'Contig5077'	4987	Standard
#		'Contig5083'	4987	Standard
#		'Contig5093'	4987	Standard
#		'Contig5119'	4987	Standard
#		'Contig5149'	4987	Standard
#		'Contig4989'	4986	Standard
#		'Contig4852'	4984	Standard
#		'Contig5106'	4984	Standard
#		'Contig5123'	4984	Standard
#		'Contig5142'	4980	Standard
#		'Contig4794'	3987	Standard
#		'Contig5056'	3985	Standard
#-----------------------------------------------

00:00:04 Predicting variants
00:00:04 Loading sequences for chromosome 'scaffold2' from file '/home/tmichel/software/snpEff/./data/Bmas/sequence.scaffold2.bin'
00:00:04 Building sequence tree for chromosome 'scaffold2'
00:00:04 Done. Loaded 1417 sequences.
00:00:07 	10000 variants (2969 variants per second), 5546 VCF entries
00:00:09 	20000 variants (3535 variants per second), 11461 VCF entries
00:00:11 	30000 variants (4185 variants per second), 17094 VCF entries
00:00:12 	40000 variants (4651 variants per second), 22751 VCF entries
00:00:14 	50000 variants (5008 variants per second), 27935 VCF entries
00:00:15 	60000 variants (5324 variants per second), 33662 VCF entries
00:00:16 	70000 variants (5622 variants per second), 39004 VCF entries
00:00:17 	80000 variants (5862 variants per second), 44381 VCF entries
00:00:19 	90000 variants (6015 variants per second), 49550 VCF entries
00:00:20 	100000 variants (6159 variants per second), 55556 VCF entries
00:00:20 Loading sequences for chromosome 'scaffold8' from file '/home/tmichel/software/snpEff/./data/Bmas/sequence.scaffold8.bin'
00:00:20 Building sequence tree for chromosome 'scaffold8'
00:00:20 Done. Loaded 1202 sequences.
00:00:21 	110000 variants (6231 variants per second), 60953 VCF entries
00:00:23 	120000 variants (6354 variants per second), 66550 VCF entries
00:00:24 	130000 variants (6465 variants per second), 71832 VCF entries
00:00:25 	140000 variants (6571 variants per second), 77176 VCF entries
00:00:26 	150000 variants (6683 variants per second), 82042 VCF entries
00:00:27 	160000 variants (6786 variants per second), 87255 VCF entries
00:00:28 	170000 variants (6846 variants per second), 92575 VCF entries
00:00:30 	180000 variants (6919 variants per second), 97360 VCF entries
00:00:31 	190000 variants (6953 variants per second), 102643 VCF entries
00:00:32 Loading sequences for chromosome 'scaffold7' from file '/home/tmichel/software/snpEff/./data/Bmas/sequence.scaffold7.bin'
00:00:32 Building sequence tree for chromosome 'scaffold7'
00:00:32 Done. Loaded 1680 sequences.
00:00:32 	200000 variants (6979 variants per second), 107985 VCF entries
00:00:34 	210000 variants (7025 variants per second), 113573 VCF entries
00:00:35 	220000 variants (7049 variants per second), 119414 VCF entries
00:00:36 	230000 variants (7086 variants per second), 125101 VCF entries
00:00:37 	240000 variants (7133 variants per second), 130616 VCF entries
00:00:38 	250000 variants (7175 variants per second), 135976 VCF entries
00:00:40 	260000 variants (7212 variants per second), 141595 VCF entries
00:00:41 	270000 variants (7221 variants per second), 146891 VCF entries
00:00:42 Loading sequences for chromosome 'scaffold3' from file '/home/tmichel/software/snpEff/./data/Bmas/sequence.scaffold3.bin'
00:00:42 Building sequence tree for chromosome 'scaffold3'
00:00:42 Done. Loaded 1678 sequences.
00:00:42 	280000 variants (7240 variants per second), 152187 VCF entries
00:00:43 	290000 variants (7282 variants per second), 156891 VCF entries
00:00:45 	300000 variants (7301 variants per second), 162509 VCF entries
00:00:46 	310000 variants (7316 variants per second), 168097 VCF entries
00:00:47 	320000 variants (7341 variants per second), 173319 VCF entries
00:00:48 	330000 variants (7366 variants per second), 178573 VCF entries
00:00:50 	340000 variants (7399 variants per second), 183448 VCF entries
00:00:51 	350000 variants (7419 variants per second), 188800 VCF entries
00:00:52 	360000 variants (7437 variants per second), 194428 VCF entries
00:00:53 	370000 variants (7449 variants per second), 200030 VCF entries
00:00:54 	380000 variants (7477 variants per second), 204790 VCF entries
00:00:56 	390000 variants (7502 variants per second), 210077 VCF entries
00:00:57 Loading sequences for chromosome 'scaffold14' from file '/home/tmichel/software/snpEff/./data/Bmas/sequence.scaffold14.bin'
00:00:57 Building sequence tree for chromosome 'scaffold14'
00:00:57 Done. Loaded 2127 sequences.
00:00:57 	400000 variants (7496 variants per second), 215513 VCF entries
00:00:58 	410000 variants (7511 variants per second), 221134 VCF entries
00:00:59 	420000 variants (7534 variants per second), 226674 VCF entries
00:01:01 	430000 variants (7548 variants per second), 232206 VCF entries
00:01:02 	440000 variants (7570 variants per second), 237544 VCF entries
00:01:03 	450000 variants (7585 variants per second), 242964 VCF entries
00:01:04 	460000 variants (7602 variants per second), 248411 VCF entries
00:01:05 	470000 variants (7621 variants per second), 253425 VCF entries
00:01:07 	480000 variants (7629 variants per second), 259013 VCF entries
00:01:08 	490000 variants (7643 variants per second), 264081 VCF entries
00:01:09 	500000 variants (7653 variants per second), 269697 VCF entries
00:01:10 	510000 variants (7666 variants per second), 275026 VCF entries
00:01:11 	520000 variants (7680 variants per second), 280439 VCF entries
00:01:13 	530000 variants (7696 variants per second), 285606 VCF entries
00:01:13 Loading sequences for chromosome 'scaffold1' from file '/home/tmichel/software/snpEff/./data/Bmas/sequence.scaffold1.bin'
00:01:13 Building sequence tree for chromosome 'scaffold1'
00:01:13 Done. Loaded 2700 sequences.
00:01:14 	540000 variants (7661 variants per second), 291168 VCF entries
00:01:15 	550000 variants (7666 variants per second), 296549 VCF entries
00:01:17 	560000 variants (7678 variants per second), 301638 VCF entries
00:01:18 	570000 variants (7693 variants per second), 306984 VCF entries
00:01:19 	580000 variants (7706 variants per second), 312184 VCF entries
00:01:20 	590000 variants (7711 variants per second), 318202 VCF entries
00:01:21 	600000 variants (7710 variants per second), 323558 VCF entries
00:01:23 	610000 variants (7714 variants per second), 328911 VCF entries
00:01:24 	620000 variants (7727 variants per second), 334107 VCF entries
00:01:25 	630000 variants (7733 variants per second), 339479 VCF entries
00:01:26 	640000 variants (7745 variants per second), 344522 VCF entries
00:01:27 	650000 variants (7752 variants per second), 350100 VCF entries
00:01:29 	660000 variants (7764 variants per second), 355369 VCF entries
00:01:30 	670000 variants (7778 variants per second), 360416 VCF entries
00:01:31 	680000 variants (7786 variants per second), 365787 VCF entries
00:01:32 	690000 variants (7795 variants per second), 371067 VCF entries
00:01:33 	700000 variants (7803 variants per second), 376392 VCF entries
00:01:35 	710000 variants (7809 variants per second), 381798 VCF entries
00:01:35 Loading sequences for chromosome 'scaffold15' from file '/home/tmichel/software/snpEff/./data/Bmas/sequence.scaffold15.bin'
00:01:35 Building sequence tree for chromosome 'scaffold15'
00:01:35 Done. Loaded 1120 sequences.
00:01:36 	720000 variants (7806 variants per second), 387360 VCF entries
00:01:37 	730000 variants (7808 variants per second), 393239 VCF entries
00:01:38 	740000 variants (7820 variants per second), 398437 VCF entries
00:01:39 	750000 variants (7830 variants per second), 403548 VCF entries
00:01:41 	760000 variants (7839 variants per second), 408853 VCF entries
00:01:42 	770000 variants (7841 variants per second), 414245 VCF entries
00:01:43 	780000 variants (7837 variants per second), 419960 VCF entries
00:01:44 	790000 variants (7851 variants per second), 424964 VCF entries
00:01:45 Loading sequences for chromosome 'scaffold13' from file '/home/tmichel/software/snpEff/./data/Bmas/sequence.scaffold13.bin'
00:01:45 Building sequence tree for chromosome 'scaffold13'
00:01:45 Done. Loaded 1242 sequences.
00:01:46 	800000 variants (7853 variants per second), 430276 VCF entries
00:01:47 	810000 variants (7857 variants per second), 435580 VCF entries
00:01:48 	820000 variants (7862 variants per second), 440996 VCF entries
00:01:49 	830000 variants (7868 variants per second), 445989 VCF entries
00:01:49 Loading sequences for chromosome 'scaffold6' from file '/home/tmichel/software/snpEff/./data/Bmas/sequence.scaffold6.bin'
00:01:49 Building sequence tree for chromosome 'scaffold6'
00:01:49 Done. Loaded 1628 sequences.
00:01:50 	840000 variants (7866 variants per second), 451448 VCF entries
00:01:52 	850000 variants (7874 variants per second), 456694 VCF entries
00:01:53 	860000 variants (7881 variants per second), 462204 VCF entries
00:01:54 	870000 variants (7887 variants per second), 467708 VCF entries
00:01:55 	880000 variants (7897 variants per second), 472840 VCF entries
00:01:56 	890000 variants (7903 variants per second), 478248 VCF entries
00:01:57 	900000 variants (7911 variants per second), 483456 VCF entries
00:01:59 	910000 variants (7918 variants per second), 488702 VCF entries
00:02:00 	920000 variants (7923 variants per second), 493816 VCF entries
00:02:01 	930000 variants (7930 variants per second), 499034 VCF entries
00:02:02 Loading sequences for chromosome 'scaffold5' from file '/home/tmichel/software/snpEff/./data/Bmas/sequence.scaffold5.bin'
00:02:02 Building sequence tree for chromosome 'scaffold5'
00:02:02 Done. Loaded 1392 sequences.
00:02:02 	940000 variants (7926 variants per second), 504419 VCF entries
00:02:03 	950000 variants (7938 variants per second), 509437 VCF entries
00:02:04 	960000 variants (7944 variants per second), 514595 VCF entries
00:02:06 	970000 variants (7952 variants per second), 519746 VCF entries
00:02:07 	980000 variants (7955 variants per second), 525101 VCF entries
00:02:08 	990000 variants (7959 variants per second), 530674 VCF entries
00:02:09 	1000000 variants (7962 variants per second), 536365 VCF entries
00:02:10 Loading sequences for chromosome 'scaffold10' from file '/home/tmichel/software/snpEff/./data/Bmas/sequence.scaffold10.bin'
00:02:10 Building sequence tree for chromosome 'scaffold10'
00:02:10 Done. Loaded 1326 sequences.
00:02:10 	1010000 variants (7961 variants per second), 541858 VCF entries
00:02:12 	1020000 variants (7970 variants per second), 546563 VCF entries
00:02:13 	1030000 variants (7978 variants per second), 551373 VCF entries
00:02:14 	1040000 variants (7982 variants per second), 557033 VCF entries
00:02:15 	1050000 variants (7988 variants per second), 562492 VCF entries
00:02:16 	1060000 variants (7991 variants per second), 568413 VCF entries
00:02:17 Loading sequences for chromosome 'scaffold11' from file '/home/tmichel/software/snpEff/./data/Bmas/sequence.scaffold11.bin'
00:02:17 Building sequence tree for chromosome 'scaffold11'
00:02:17 Done. Loaded 1021 sequences.
00:02:17 	1070000 variants (7995 variants per second), 573531 VCF entries
00:02:19 	1080000 variants (8006 variants per second), 577963 VCF entries
00:02:20 	1090000 variants (8012 variants per second), 583383 VCF entries
00:02:21 	1100000 variants (8016 variants per second), 588727 VCF entries
00:02:22 	1110000 variants (8014 variants per second), 594753 VCF entries
00:02:23 	1120000 variants (8013 variants per second), 600766 VCF entries
00:02:25 	1130000 variants (8016 variants per second), 605951 VCF entries
00:02:26 	1140000 variants (8024 variants per second), 611055 VCF entries
00:02:26 Loading sequences for chromosome 'scaffold4' from file '/home/tmichel/software/snpEff/./data/Bmas/sequence.scaffold4.bin'
00:02:26 Building sequence tree for chromosome 'scaffold4'
00:02:26 Done. Loaded 1708 sequences.
00:02:27 	1150000 variants (8022 variants per second), 616598 VCF entries
00:02:28 	1160000 variants (8025 variants per second), 621750 VCF entries
00:02:29 	1170000 variants (8030 variants per second), 626825 VCF entries
00:02:31 	1180000 variants (8029 variants per second), 632782 VCF entries
00:02:32 	1190000 variants (8030 variants per second), 638387 VCF entries
00:02:33 	1200000 variants (8034 variants per second), 643967 VCF entries
00:02:34 	1210000 variants (8038 variants per second), 649041 VCF entries
00:02:35 	1220000 variants (8039 variants per second), 654680 VCF entries
00:02:37 	1230000 variants (8040 variants per second), 660254 VCF entries
00:02:38 	1240000 variants (8042 variants per second), 665581 VCF entries
00:02:39 	1250000 variants (8044 variants per second), 671052 VCF entries
00:02:40 	1260000 variants (8047 variants per second), 676232 VCF entries
00:02:42 	1270000 variants (8044 variants per second), 682088 VCF entries
00:02:43 	1280000 variants (8046 variants per second), 687798 VCF entries
00:02:44 	1290000 variants (8054 variants per second), 692979 VCF entries
00:02:45 	1300000 variants (8060 variants per second), 698257 VCF entries
00:02:45 Loading sequences for chromosome 'scaffold9' from file '/home/tmichel/software/snpEff/./data/Bmas/sequence.scaffold9.bin'
00:02:45 Building sequence tree for chromosome 'scaffold9'
00:02:45 Done. Loaded 1006 sequences.
00:02:46 	1310000 variants (8060 variants per second), 703640 VCF entries
00:02:47 	1320000 variants (8064 variants per second), 709250 VCF entries
00:02:48 	1330000 variants (8067 variants per second), 715023 VCF entries
00:02:50 	1340000 variants (8072 variants per second), 720294 VCF entries
00:02:50 Loading sequences for chromosome 'scaffold12' from file '/home/tmichel/software/snpEff/./data/Bmas/sequence.scaffold12.bin'
00:02:50 Building sequence tree for chromosome 'scaffold12'
00:02:50 Done. Loaded 1295 sequences.
00:02:51 	1350000 variants (8068 variants per second), 725780 VCF entries
00:02:52 	1360000 variants (8067 variants per second), 731561 VCF entries
00:02:53 	1370000 variants (8074 variants per second), 736941 VCF entries
00:02:54 	1380000 variants (8077 variants per second), 742474 VCF entries
00:02:56 	1390000 variants (8078 variants per second), 748197 VCF entries
00:02:57 	1400000 variants (8082 variants per second), 753420 VCF entries
00:02:58 	1410000 variants (8082 variants per second), 758987 VCF entries

WARNINGS: Some warning were detected
Warning type	Number of warnings
INFO_REALIGN_3_PRIME	14908
WARNING_REF_DOES_NOT_MATCH_GENOME	231250
WARNING_TRANSCRIPT_NO_START_CODON	224946
WARNING_TRANSCRIPT_NO_START_CODON&INFO_REALIGN_3_PRIME	3509
WARNING_TRANSCRIPT_NO_START_CODON&WARNING_REF_DOES_NOT_MATCH_GENOME	24898
WARNING_TRANSCRIPT_NO_STOP_CODON	49629
WARNING_TRANSCRIPT_NO_STOP_CODON&INFO_REALIGN_3_PRIME	757
WARNING_TRANSCRIPT_NO_STOP_CODON&WARNING_REF_DOES_NOT_MATCH_GENOME	7617


00:02:59 Creating summary file: ./snpeff_summary.html
00:03:00 Creating genes file: ./snpeff_summary.genes.txt
00:03:00 done.
00:03:00 Logging
00:03:01 Checking for updates...
00:03:03 Done.

[+] Annotation pipeline complete!

    Key output files:

      ./all_renamed.genome_coords.sorted.vcf.gz
        Lifted + sorted VCF in genome coordinates (from script_1)

      ./sift_results/all_renamed.genome_coords.sorted_SIFTpredictions.vcf
        VCF with SIFT scores (SIFT_SCORE, SIFT_PRED fields)

      ./all_annotated_snpeff.vcf
        Final VCF with both SIFT scores and snpEff ANN fields

      ./snpeff_summary.html
        snpEff HTML summary report (variant counts by consequence)
